** Drc report for top.kicad_pcb **
** Created on 2026-09-18T08:45:40 **
** Report includes: Errors, Warnings **

** Found 5 DRC violations **
[hole_clearance]: Hole clearance violation (board setup constraints hole clearance 0.2500 mm; actual 0.1847 mm)
    Rule: board setup constraints hole; error
    @(145.1800 mm, 64.4450 mm): Pad A1 [GND] of J2 on B.Cu
    @(145.4900 mm, 63.3050 mm): NPTH pad of J2
[silk_edge_clearance]: Silkscreen clipped by board edge
    Rule: board setup constraints silk; warning
    @(79.0711 mm, 154.0000 mm): Segment on Edge.Cuts
    @(116.0000 mm, 160.0000 mm): Segment of RV1 on B.Silkscreen
[silk_edge_clearance]: Silkscreen clipped by board edge
    Rule: board setup constraints silk; warning
    @(79.0711 mm, 154.0000 mm): Segment on Edge.Cuts
    @(122.0000 mm, 153.4000 mm): Segment of RV1 on B.Silkscreen
[lib_footprint_mismatch]: Footprint 'CONN-TH_S2B-PH-K-S-LF-SN' does not match copy in library 'project_parts'
    Local override; warning
    @(189.0000 mm, 77.0000 mm): Footprint U2
[lib_footprint_mismatch]: Footprint 'RaspberryPi_Pico_Common_Unspecified' does not match copy in library 'Module'
    Local override; warning
    @(114.1100 mm, 95.1100 mm): Footprint A2

** Found 0 unconnected pads **

** Found 0 Footprint errors **

** Ignored checks **
    - None

** End of Report **
