** Drc report for top.kicad_pcb **
** Created on 2026-09-18T08:11:20 **
** Report includes: Errors, Warnings **

** Found 7 DRC violations **
[hole_clearance]: Hole clearance violation (board setup constraints hole clearance 0.2500 mm; actual 0.1847 mm)
    Rule: board setup constraints hole; error
    @(145.1800 mm, 64.4450 mm): Pad A1 [GND] of J2 on B.Cu
    @(145.4900 mm, 63.3050 mm): NPTH pad of J2
[hole_clearance]: Hole clearance violation (board setup constraints hole clearance 0.2500 mm; actual 0.1847 mm)
    Rule: board setup constraints hole; error
    @(151.5800 mm, 64.4450 mm): Pad A12 [GND] of J2 on B.Cu
    @(151.2700 mm, 63.3050 mm): NPTH pad of J2
[hole_clearance]: Hole clearance violation (board setup constraints hole clearance 0.2500 mm; actual 0.1847 mm)
    Rule: board setup constraints hole; error
    @(151.5800 mm, 64.4450 mm): Pad B1 [GND] of J2 on B.Cu
    @(151.2700 mm, 63.3050 mm): NPTH pad of J2
[silk_edge_clearance]: Silkscreen clipped by board edge
    Rule: board setup constraints silk; warning
    @(79.0711 mm, 154.0000 mm): Segment on Edge.Cuts
    @(116.0000 mm, 160.0000 mm): Segment of RV1 on B.Silkscreen
[silk_edge_clearance]: Silkscreen clipped by board edge
    Rule: board setup constraints silk; warning
    @(79.0711 mm, 154.0000 mm): Segment on Edge.Cuts
    @(122.0000 mm, 153.4000 mm): Segment of RV1 on B.Silkscreen
[lib_footprint_mismatch]: Footprint 'CONN-TH_S2B-PH-K-S-LF-SN' does not match copy in library 'project_parts'
    Local override; warning
    @(189.0000 mm, 77.0000 mm): Footprint U2
[lib_footprint_mismatch]: Footprint 'RaspberryPi_Pico_Common_Unspecified' does not match copy in library 'Module'
    Local override; warning
    @(114.1100 mm, 95.1100 mm): Footprint A2

** Found 2 unconnected pads **
[unconnected_items]: Missing connection between items
    Local override; error
    @(190.5500 mm, 66.2500 mm): Track [USB-VBUS] on B.Cu, length 0.8017 mm
    @(190.5500 mm, 65.7500 mm): Pad 1 [USB-VBUS] of U1 on B.Cu
[unconnected_items]: Missing connection between items
    Local override; error
    @(186.4500 mm, 65.7500 mm): Pad 10 [BAT+] of U1 on B.Cu
    @(187.2000 mm, 66.2500 mm): Track [BAT+] on B.Cu, length 0.7500 mm

** Found 0 Footprint errors **

** Ignored checks **
    - None

** End of Report **
