ERC report (2026-09-17T11:15:14, Encoding UTF8)
Report includes: Errors, Warnings

***** Sheet /PicoScreen/
[pin_to_pin]: Pins of type Unspecified and Passive are connected
    ; warning
    @(6850 mils, 8500 mils): Symbol C45 Pin 2 [2, Unspecified, Line]
    @(7050 mils, 8600 mils): Symbol C46 Pin 1 [Passive, Line]
[pin_to_pin]: Pins of type Unspecified and Passive are connected
    ; warning
    @(6850 mils, 8900 mils): Symbol C45 Pin 1 [1, Unspecified, Line]
    @(7050 mils, 8900 mils): Symbol C46 Pin 2 [Passive, Line]
[pin_to_pin]: Pins of type Unspecified and Passive are connected
    ; warning
    @(7500 mils, 2150 mils): Symbol C47 Pin 1 [1, Unspecified, Line]
    @(7550 mils, 2500 mils): Symbol C48 Pin 1 [Passive, Line]
[pin_to_pin]: Pins of type Unspecified and Passive are connected
    ; warning
    @(7900 mils, 2150 mils): Symbol C47 Pin 2 [2, Unspecified, Line]
    @(7850 mils, 2500 mils): Symbol C48 Pin 2 [Passive, Line]
[pin_to_pin]: Pins of type Unspecified and Passive are connected
    ; warning
    @(8500 mils, 2150 mils): Symbol C49 Pin 1 [1, Unspecified, Line]
    @(8550 mils, 2500 mils): Symbol C50 Pin 1 [Passive, Line]
[pin_to_pin]: Pins of type Unspecified and Passive are connected
    ; warning
    @(8900 mils, 2150 mils): Symbol C49 Pin 2 [2, Unspecified, Line]
    @(8850 mils, 2500 mils): Symbol C50 Pin 2 [Passive, Line]
[unconnected_wire_endpoint]: Unconnected wire endpoint
    ; warning
    @(3650 mils, 4850 mils): Vertical Wire, length 50 mils
[four_way_junction]: Four items connected at 1447800, 1752600
    ; warning
    @(5900 mils, 6900 mils): Horizontal Wire, length 200 mils
    @(5700 mils, 6800 mils): Vertical Wire, length 100 mils
[footprint_filter]: Assigned footprint (lairdtech_28c0236-0jw-10) doesn't match footprint filters (Inductor_* L_* *Ferrite*)
    ; warning
    @(9500 mils, 1750 mils): Symbol FB4 [FerriteBead_Small]
[footprint_filter]: Assigned footprint (lairdtech_28c0236-0jw-10) doesn't match footprint filters (Inductor_* L_* *Ferrite*)
    ; warning
    @(9500 mils, 2200 mils): Symbol FB5 [FerriteBead_Small]
[footprint_filter]: Assigned footprint () doesn't match footprint filters (C_*)
    ; warning
    @(2850 mils, 1500 mils): Symbol C1 [C]
[footprint_filter]: Assigned footprint (nexperia_cfp3_sod-123w) doesn't match footprint filters (TO-???* *_Diode_* *SingleDiode* D_*)
    ; warning
    @(4750 mils, 1500 mils): Symbol D1 [D_Schottky]
[footprint_filter]: Assigned footprint (r_0603_1608metric) doesn't match footprint filters (LED* LED_SMD:* LED_THT:*)
    ; warning
    @(6200 mils, 1750 mils): Symbol D2 [LED]
[footprint_filter]: Assigned footprint (r_0603_1608metric) doesn't match footprint filters (LED* LED_SMD:* LED_THT:*)
    ; warning
    @(6850 mils, 1750 mils): Symbol D3 [LED]
[footprint_filter]: Assigned footprint (r_0603_1608metric) doesn't match footprint filters (LED* LED_SMD:* LED_THT:*)
    ; warning
    @(7550 mils, 1750 mils): Symbol D4 [LED]
[footprint_filter]: Assigned footprint (msop-10_3x3mm_p0.5mm) doesn't match footprint filters (SOT?23*)
    ; warning
    @(8350 mils, 2500 mils): Symbol U1 [MCP73833]
[footprint_filter]: Assigned footprint () doesn't match footprint filters (C_*)
    ; warning
    @(9650 mils, 3000 mils): Symbol C2 [C]
[four_way_junction]: Four items connected at 2120900, 330200
    ; warning
    @(8600 mils, 1300 mils): Horizontal Wire, length 250 mils
    @(8350 mils, 1300 mils): Vertical Wire, length 100 mils
[footprint_filter]: Assigned footprint (lairdtech_28c0236-0jw-10) doesn't match footprint filters (Inductor_* L_* *Ferrite*)
    ; warning
    @(10600 mils, 1950 mils): Symbol FB1 [FerriteBead_Small]

***** Sheet /Audio/
[pin_to_pin]: Pins of type Unspecified and Passive are connected
    ; warning
    @(1800 mils, 1100 mils): Symbol C15 Pin 2 [2, Unspecified, Line]
    @(1150 mils, 1300 mils): Symbol C14 Pin 2 [Passive, Line]
[pin_to_pin]: Pins of type Unspecified and Passive are connected
    ; warning
    @(1800 mils, 1500 mils): Symbol C15 Pin 1 [1, Unspecified, Line]
    @(2050 mils, 2000 mils): Symbol C18 Pin 2 [Passive, Line]
[pin_to_pin]: Pins of type Unspecified and Passive are connected
    ; warning
    @(1950 mils, 2600 mils): Symbol C17 Pin 2 [2, Unspecified, Line]
    @(1350 mils, 2750 mils): Symbol C16 Pin 2 [Passive, Line]
[pin_to_pin]: Pins of type Unspecified and Passive are connected
    ; warning
    @(1950 mils, 3000 mils): Symbol C17 Pin 1 [1, Unspecified, Line]
    @(1350 mils, 3050 mils): Symbol C16 Pin 1 [Passive, Line]
[pin_to_pin]: Pins of type Unspecified and Unspecified are connected
    ; warning
    @(3600 mils, 1450 mils): Symbol U5 Pin 1 [CPVDD, Unspecified, Line]
    @(3600 mils, 2150 mils): Symbol U5 Pin 8 [AVDD, Unspecified, Line]
[pin_to_pin]: Pins of type Unspecified and Passive are connected
    ; warning
    @(3600 mils, 1550 mils): Symbol U5 Pin 2 [CAPP, Unspecified, Line]
    @(3200 mils, 1550 mils): Symbol C28 Pin 1 [Passive, Line]
[pin_to_pin]: Pins of type Unspecified and Unspecified are connected
    ; warning
    @(3600 mils, 1650 mils): Symbol U5 Pin 3 [CPGND, Unspecified, Line]
    @(3600 mils, 2250 mils): Symbol U5 Pin 9 [AGND, Unspecified, Line]
[pin_to_pin]: Pins of type Unspecified and Passive are connected
    ; warning
    @(3600 mils, 1750 mils): Symbol U5 Pin 4 [CAPM, Unspecified, Line]
    @(3200 mils, 1750 mils): Symbol C28 Pin 2 [Passive, Line]
[pin_to_pin]: Pins of type Unspecified and Passive are connected
    ; warning
    @(3600 mils, 1850 mils): Symbol U5 Pin 5 [VNEG, Unspecified, Line]
    @(2750 mils, 1350 mils): Symbol C22 Pin 1 [Passive, Line]
[pin_to_pin]: Pins of type Unspecified and Passive are connected
    ; warning
    @(3600 mils, 1950 mils): Symbol U5 Pin 6 [OUTL, Unspecified, Line]
    @(2700 mils, 1800 mils): Symbol R18 Pin 1 [Passive, Line]
[pin_to_pin]: Pins of type Unspecified and Passive are connected
    ; warning
    @(3600 mils, 2050 mils): Symbol U5 Pin 7 [OUTR, Unspecified, Line]
    @(2700 mils, 2200 mils): Symbol R19 Pin 1 [Passive, Line]
[pin_to_pin]: Pins of type Unspecified and Unspecified are connected
    ; warning
    @(3600 mils, 2150 mils): Symbol U5 Pin 8 [AVDD, Unspecified, Line]
    @(4600 mils, 1450 mils): Symbol U5 Pin 20 [DVDD, Unspecified, Line]
[pin_to_pin]: Pins of type Unspecified and Unspecified are connected
    ; warning
    @(3600 mils, 2250 mils): Symbol U5 Pin 9 [AGND, Unspecified, Line]
    @(3600 mils, 2350 mils): Symbol U5 Pin 10 [DEMP, Unspecified, Line]
[pin_to_pin]: Pins of type Unspecified and Unspecified are connected
    ; warning
    @(3600 mils, 2350 mils): Symbol U5 Pin 10 [DEMP, Unspecified, Line]
    @(4600 mils, 2350 mils): Symbol U5 Pin 11 [FLT, Unspecified, Line]
[pin_to_pin]: Pins of type Unspecified and Passive are connected
    ; warning
    @(3700 mils, 4150 mils): Symbol C29 Pin 2 [2, Unspecified, Line]
    @(4100 mils, 4050 mils): Symbol R25 Pin 2 [Passive, Line]
[pin_to_pin]: Pins of type Unspecified and Unspecified are connected
    ; warning
    @(3700 mils, 4550 mils): Symbol C29 Pin 1 [1, Unspecified, Line]
    @(4250 mils, 4550 mils): Symbol C35 Pin 2 [2, Unspecified, Line]
[pin_to_pin]: Pins of type Unspecified and Passive are connected
    ; warning
    @(4250 mils, 4150 mils): Symbol C35 Pin 1 [1, Unspecified, Line]
    @(4100 mils, 4050 mils): Symbol R25 Pin 2 [Passive, Line]
[pin_to_pin]: Pins of type Unspecified and Passive are connected
    ; warning
    @(4250 mils, 4550 mils): Symbol C35 Pin 2 [2, Unspecified, Line]
    @(3650 mils, 5150 mils): Symbol R23 Pin 2 [Passive, Line]
[pin_to_pin]: Pins of type Unspecified and Passive are connected
    ; warning
    @(4250 mils, 6700 mils): Symbol U6 Pin 1 [~{SD}, Unspecified, Line]
    @(4250 mils, 6550 mils): Symbol C33 Pin 2 [Passive, Line]
[pin_to_pin]: Pins of type Unspecified and Passive are connected
    ; warning
    @(4250 mils, 6900 mils): Symbol U6 Pin 3 [IN+, Unspecified, Line]
    @(3900 mils, 6900 mils): Symbol C30 Pin 2 [Passive, Line]
[pin_to_pin]: Pins of type Unspecified and Passive are connected
    ; warning
    @(4250 mils, 7000 mils): Symbol U6 Pin 4 [IN-, Unspecified, Line]
    @(3900 mils, 7200 mils): Symbol C31 Pin 1 [Passive, Line]
[pin_to_pin]: Pins of type Unspecified and Passive are connected
    ; warning
    @(4600 mils, 1450 mils): Symbol U5 Pin 20 [DVDD, Unspecified, Line]
    @(5750 mils, 1750 mils): Symbol R26 Pin 1 [Passive, Line]
[pin_to_pin]: Pins of type Unspecified and Passive are connected
    ; warning
    @(4600 mils, 1550 mils): Symbol U5 Pin 19 [DGND, Unspecified, Line]
    @(4950 mils, 1650 mils): Symbol C36 Pin 1 [Passive, Line]
[pin_to_pin]: Pins of type Unspecified and Passive are connected
    ; warning
    @(4600 mils, 1650 mils): Symbol U5 Pin 18 [LDOO, Unspecified, Line]
    @(4650 mils, 1650 mils): Symbol C36 Pin 2 [Passive, Line]
[pin_to_pin]: Pins of type Unspecified and Passive are connected
    ; warning
    @(4600 mils, 1750 mils): Symbol U5 Pin 17 [XSMT, Unspecified, Line]
    @(5450 mils, 1750 mils): Symbol R26 Pin 2 [Passive, Line]
[pin_to_pin]: Pins of type Unspecified and Unspecified are connected
    ; warning
    @(4600 mils, 1850 mils): Symbol U5 Pin 16 [FMT, Unspecified, Line]
    @(4600 mils, 1550 mils): Symbol U5 Pin 19 [DGND, Unspecified, Line]
[pin_to_pin]: Pins of type Unspecified and Bidirectional are connected
    ; warning
    @(4600 mils, 1950 mils): Symbol U5 Pin 15 [LRCK, Unspecified, Line]
    @(7150 mils, 5100 mils): Symbol A2 Pin 15 [GPIO11, Bidirectional, Line]
[pin_to_pin]: Pins of type Unspecified and Bidirectional are connected
    ; warning
    @(4600 mils, 2050 mils): Symbol U5 Pin 14 [DIN, Unspecified, Line]
    @(8950 mils, 4500 mils): Symbol A2 Pin 26 [GPIO20, Bidirectional, Line]
[pin_to_pin]: Pins of type Unspecified and Bidirectional are connected
    ; warning
    @(4600 mils, 2150 mils): Symbol U5 Pin 13 [BCK, Unspecified, Line]
    @(7150 mils, 5000 mils): Symbol A2 Pin 14 [GPIO10, Bidirectional, Line]
[pin_to_pin]: Pins of type Unspecified and Unspecified are connected
    ; warning
    @(4600 mils, 2250 mils): Symbol U5 Pin 12 [SCK, Unspecified, Line]
    @(4600 mils, 1850 mils): Symbol U5 Pin 16 [FMT, Unspecified, Line]
[pin_to_pin]: Pins of type Unspecified and Unspecified are connected
    ; warning
    @(4600 mils, 2350 mils): Symbol U5 Pin 11 [FLT, Unspecified, Line]
    @(4600 mils, 2250 mils): Symbol U5 Pin 12 [SCK, Unspecified, Line]
[pin_to_pin]: Pins of type Unspecified and Passive are connected
    ; warning
    @(5050 mils, 6700 mils): Symbol U6 Pin 8 [VO-, Unspecified, Line]
    @(6250 mils, 6650 mils): Symbol LS2 Pin 1 [+, Passive, Line]
[pin_to_pin]: Pins of type Unspecified and Passive are connected
    ; warning
    @(5050 mils, 6800 mils): Symbol U6 Pin 7 [GND, Unspecified, Line]
    @(5700 mils, 7150 mils): Symbol C38 Pin 2 [Passive, Line]
[pin_to_pin]: Pins of type Unspecified and Passive are connected
    ; warning
    @(5050 mils, 6900 mils): Symbol U6 Pin 6 [VDD, Unspecified, Line]
    @(5700 mils, 6950 mils): Symbol C38 Pin 1 [Passive, Line]
[pin_to_pin]: Pins of type Unspecified and Passive are connected
    ; warning
    @(5050 mils, 7000 mils): Symbol U6 Pin 5 [VO+, Unspecified, Line]
    @(6350 mils, 6650 mils): Symbol LS2 Pin 2 [-, Passive, Line]
[pin_to_pin]: Pins of type Unspecified and Passive are connected
    ; warning
    @(5300 mils, 3650 mils): Symbol U7 Pin 1 [+OUT_L, Unspecified, Line]
    @(4850 mils, 3500 mils): Symbol LS1 Pin 1 [+_(red), Passive, Line]
[pin_to_pin]: Pins of type Unspecified and Passive are connected
    ; warning
    @(5300 mils, 3750 mils): Symbol U7 Pin 2 [PGNDL, Unspecified, Line]
    @(4150 mils, 3450 mils): Symbol C34 Pin 1 [Passive, Line]
[pin_to_pin]: Pins of type Unspecified and Passive are connected
    ; warning
    @(5300 mils, 3850 mils): Symbol U7 Pin 3 [-OUT_L, Unspecified, Line]
    @(4750 mils, 3500 mils): Symbol LS1 Pin 2 [-_(black), Passive, Line]
[pin_to_pin]: Pins of type Unspecified and Unspecified are connected
    ; warning
    @(5300 mils, 3950 mils): Symbol U7 Pin 4 [PVDDL, Unspecified, Line]
    @(5300 mils, 4150 mils): Symbol U7 Pin 6 [VDD, Unspecified, Line]
[pin_to_pin]: Pins of type Unspecified and Passive are connected
    ; warning
    @(5300 mils, 4050 mils): Symbol U7 Pin 5 [~{MUTE}, Unspecified, Line]
    @(4400 mils, 4050 mils): Symbol R25 Pin 1 [Passive, Line]
[pin_to_pin]: Pins of type Unspecified and Passive are connected
    ; warning
    @(5300 mils, 4150 mils): Symbol U7 Pin 6 [VDD, Unspecified, Line]
    @(4100 mils, 4050 mils): Symbol R25 Pin 2 [Passive, Line]
[pin_to_pin]: Pins of type Unspecified and Passive are connected
    ; warning
    @(5300 mils, 4250 mils): Symbol U7 Pin 7 [INL, Unspecified, Line]
    @(4000 mils, 4850 mils): Symbol C32 Pin 1 [Passive, Line]
[pin_to_pin]: Pins of type Unspecified and Passive are connected
    ; warning
    @(5300 mils, 4350 mils): Symbol U7 Pin 8 [VREF, Unspecified, Line]
    @(5150 mils, 5050 mils): Symbol C37 Pin 1 [Passive, Line]
[pin_to_pin]: Pins of type Unspecified and Passive are connected
    ; warning
    @(6500 mils, 3650 mils): Symbol U7 Pin 16 [+OUT_R, Unspecified, Line]
    @(6850 mils, 3650 mils): Symbol LS3 Pin 1 [+_(red), Passive, Line]
[pin_to_pin]: Pins of type Unspecified and Passive are connected
    ; warning
    @(6500 mils, 3750 mils): Symbol U7 Pin 15 [PGNDR, Unspecified, Line]
    @(7600 mils, 3500 mils): Symbol C43 Pin 1 [Passive, Line]
[pin_to_pin]: Pins of type Unspecified and Passive are connected
    ; warning
    @(6500 mils, 3850 mils): Symbol U7 Pin 14 [-OUT_R, Unspecified, Line]
    @(6850 mils, 3750 mils): Symbol LS3 Pin 2 [-_(black), Passive, Line]
[pin_to_pin]: Pins of type Unspecified and Passive are connected
    ; warning
    @(6500 mils, 3950 mils): Symbol U7 Pin 13 [PVDDR, Unspecified, Line]
    @(7000 mils, 4050 mils): Symbol R27 Pin 1 [Passive, Line]
[pin_to_pin]: Pins of type Unspecified and Passive are connected
    ; warning
    @(6500 mils, 4050 mils): Symbol U7 Pin 12 [~{SHDN}, Unspecified, Line]
    @(6700 mils, 4050 mils): Symbol R27 Pin 2 [Passive, Line]
[pin_to_pin]: Pins of type Unspecified and Unspecified are connected
    ; warning
    @(6500 mils, 4150 mils): Symbol U7 Pin 11 [GND, Unspecified, Line]
    @(6500 mils, 3750 mils): Symbol U7 Pin 15 [PGNDR, Unspecified, Line]
[pin_to_pin]: Pins of type Unspecified and Passive are connected
    ; warning
    @(6500 mils, 4250 mils): Symbol U7 Pin 10 [INR, Unspecified, Line]
    @(7200 mils, 4250 mils): Symbol C42 Pin 1 [Passive, Line]
[pin_to_pin]: Pins of type Unspecified and Unspecified are connected
    ; warning
    @(6500 mils, 4350 mils): Symbol U7 Pin 9 [MODE, Unspecified, Line]
    @(6500 mils, 3950 mils): Symbol U7 Pin 13 [PVDDR, Unspecified, Line]
[pin_to_pin]: Pins of type Unspecified and Passive are connected
    ; warning
    @(6650 mils, 1450 mils): Symbol C41 Pin 2 [2, Unspecified, Line]
    @(7250 mils, 1550 mils): Symbol C40 Pin 2 [Passive, Line]
[pin_to_pin]: Pins of type Unspecified and Passive are connected
    ; warning
    @(6650 mils, 1850 mils): Symbol C41 Pin 1 [1, Unspecified, Line]
    @(7250 mils, 1850 mils): Symbol C40 Pin 1 [Passive, Line]

***** Sheet /Battery/
[multiple_net_names]: Both USB-VBUS and VDD are attached to the same items; USB-VBUS will be used in the netlist
    ; warning
    @(4550 mils, 3900 mils): Global Label 'USB-VBUS'
    @(7950 mils, 2850 mils): Symbol U1 Hidden pin 1 [VDD, Power input, Line]
[pin_to_pin]: Pins of type Unspecified and Passive are connected
    ; warning
    @(9900 mils, 2850 mils): Symbol U2 Pin 1 [1, Unspecified, Line]
    @(9650 mils, 2850 mils): Symbol C2 Pin 1 [Passive, Line]
[pin_to_pin]: Pins of type Unspecified and Passive are connected
    ; warning
    @(9900 mils, 2950 mils): Symbol U2 Pin 2 [2, Unspecified, Line]
    @(9650 mils, 3150 mils): Symbol C2 Pin 2 [Passive, Line]

***** Sheet /Buttons/
[single_global_label]: Global label only appears once in the schematic
    ; error
    @(5500 mils, 6800 mils): Global Label 'MCP RESET'
[pin_to_pin]: Pins of type Unspecified and Unspecified are connected
    ; warning
    @(900 mils, 1300 mils): Symbol SW2 Pin 4 [4, Unspecified, Line]
    @(5150 mils, 6500 mils): Symbol U3 Pin 21 [GPA0, Unspecified, Line]
[pin_to_pin]: Pins of type Unspecified and Unspecified are connected
    ; warning
    @(900 mils, 3200 mils): Symbol SW3 Pin 4 [4, Unspecified, Line]
    @(5150 mils, 6100 mils): Symbol U3 Pin 25 [GPA4, Unspecified, Line]
[pin_to_pin]: Pins of type Unspecified and Unspecified are connected
    ; warning
    @(900 mils, 4750 mils): Symbol SW4 Pin 4 [4, Unspecified, Line]
    @(4150 mils, 6100 mils): Symbol U3 Pin 4 [GPB3, Unspecified, Line]
[pin_to_pin]: Pins of type Unspecified and Unspecified are connected
    ; warning
    @(900 mils, 6300 mils): Symbol SW5 Pin 4 [4, Unspecified, Line]
    @(4150 mils, 5900 mils): Symbol U3 Pin 2 [GPB1, Unspecified, Line]
[pin_to_pin]: Pins of type Unspecified and Unspecified are connected
    ; warning
    @(1100 mils, 1300 mils): Symbol SW2 Pin 1 [1, Unspecified, Line]
    @(1650 mils, 1300 mils): Symbol SW6 Pin 1 [1, Unspecified, Line]
[pin_to_pin]: Pins of type Unspecified and Unspecified are connected
    ; warning
    @(1100 mils, 3200 mils): Symbol SW3 Pin 1 [1, Unspecified, Line]
    @(1650 mils, 3200 mils): Symbol SW7 Pin 1 [1, Unspecified, Line]
[pin_to_pin]: Pins of type Unspecified and Unspecified are connected
    ; warning
    @(1100 mils, 4750 mils): Symbol SW4 Pin 1 [1, Unspecified, Line]
    @(1650 mils, 4750 mils): Symbol SW8 Pin 1 [1, Unspecified, Line]
[pin_to_pin]: Pins of type Unspecified and Unspecified are connected
    ; warning
    @(1100 mils, 6300 mils): Symbol SW5 Pin 1 [1, Unspecified, Line]
    @(1650 mils, 6300 mils): Symbol SW9 Pin 1 [1, Unspecified, Line]
[pin_to_pin]: Pins of type Unspecified and Unspecified are connected
    ; warning
    @(1450 mils, 1300 mils): Symbol SW6 Pin 4 [4, Unspecified, Line]
    @(5150 mils, 6400 mils): Symbol U3 Pin 22 [GPA1, Unspecified, Line]
[pin_to_pin]: Pins of type Unspecified and Unspecified are connected
    ; warning
    @(1450 mils, 3200 mils): Symbol SW7 Pin 4 [4, Unspecified, Line]
    @(5150 mils, 6000 mils): Symbol U3 Pin 26 [GPA5, Unspecified, Line]
[pin_to_pin]: Pins of type Unspecified and Unspecified are connected
    ; warning
    @(1450 mils, 4750 mils): Symbol SW8 Pin 4 [4, Unspecified, Line]
    @(4150 mils, 6200 mils): Symbol U3 Pin 5 [GPB4, Unspecified, Line]
[pin_to_pin]: Pins of type Unspecified and Unspecified are connected
    ; warning
    @(1450 mils, 6300 mils): Symbol SW9 Pin 4 [4, Unspecified, Line]
    @(4150 mils, 6000 mils): Symbol U3 Pin 3 [GPB2, Unspecified, Line]
[pin_to_pin]: Pins of type Unspecified and Unspecified are connected
    ; warning
    @(1650 mils, 1300 mils): Symbol SW6 Pin 1 [1, Unspecified, Line]
    @(2200 mils, 1300 mils): Symbol SW10 Pin 1 [1, Unspecified, Line]
[pin_to_pin]: Pins of type Unspecified and Unspecified are connected
    ; warning
    @(1650 mils, 3200 mils): Symbol SW7 Pin 1 [1, Unspecified, Line]
    @(2200 mils, 3200 mils): Symbol SW11 Pin 1 [1, Unspecified, Line]
[pin_to_pin]: Pins of type Unspecified and Unspecified are connected
    ; warning
    @(1650 mils, 4750 mils): Symbol SW8 Pin 1 [1, Unspecified, Line]
    @(2200 mils, 4750 mils): Symbol SW12 Pin 1 [1, Unspecified, Line]
[pin_to_pin]: Pins of type Unspecified and Passive are connected
    ; warning
    @(1650 mils, 6300 mils): Symbol SW9 Pin 1 [1, Unspecified, Line]
    @(2650 mils, 6700 mils): Symbol C5 Pin 2 [Passive, Line]
[pin_to_pin]: Pins of type Unspecified and Unspecified are connected
    ; warning
    @(2000 mils, 1300 mils): Symbol SW10 Pin 4 [4, Unspecified, Line]
    @(5150 mils, 6300 mils): Symbol U3 Pin 23 [GPA2, Unspecified, Line]
[pin_to_pin]: Pins of type Unspecified and Unspecified are connected
    ; warning
    @(2000 mils, 3200 mils): Symbol SW11 Pin 4 [4, Unspecified, Line]
    @(5150 mils, 5900 mils): Symbol U3 Pin 27 [GPA6, Unspecified, Line]
[pin_to_pin]: Pins of type Unspecified and Unspecified are connected
    ; warning
    @(2000 mils, 4750 mils): Symbol SW12 Pin 4 [4, Unspecified, Line]
    @(4150 mils, 6300 mils): Symbol U3 Pin 6 [GPB5, Unspecified, Line]
[pin_to_pin]: Pins of type Unspecified and Unspecified are connected
    ; warning
    @(2200 mils, 1300 mils): Symbol SW10 Pin 1 [1, Unspecified, Line]
    @(2750 mils, 1300 mils): Symbol SW13 Pin 1 [1, Unspecified, Line]
[pin_to_pin]: Pins of type Unspecified and Unspecified are connected
    ; warning
    @(2200 mils, 3200 mils): Symbol SW11 Pin 1 [1, Unspecified, Line]
    @(2750 mils, 3200 mils): Symbol SW14 Pin 1 [1, Unspecified, Line]
[pin_to_pin]: Pins of type Unspecified and Unspecified are connected
    ; warning
    @(2200 mils, 4750 mils): Symbol SW12 Pin 1 [1, Unspecified, Line]
    @(2750 mils, 4750 mils): Symbol SW15 Pin 1 [1, Unspecified, Line]
[pin_to_pin]: Pins of type Unspecified and Passive are connected
    ; warning
    @(2450 mils, 6300 mils): Symbol C4 Pin 2 [2, Unspecified, Line]
    @(2650 mils, 6400 mils): Symbol C5 Pin 1 [Passive, Line]
[pin_to_pin]: Pins of type Unspecified and Passive are connected
    ; warning
    @(2450 mils, 6700 mils): Symbol C4 Pin 1 [1, Unspecified, Line]
    @(2650 mils, 6700 mils): Symbol C5 Pin 2 [Passive, Line]
[pin_to_pin]: Pins of type Unspecified and Unspecified are connected
    ; warning
    @(2550 mils, 1300 mils): Symbol SW13 Pin 4 [4, Unspecified, Line]
    @(5150 mils, 6200 mils): Symbol U3 Pin 24 [GPA3, Unspecified, Line]
[pin_to_pin]: Pins of type Unspecified and Unspecified are connected
    ; warning
    @(2550 mils, 3200 mils): Symbol SW14 Pin 4 [4, Unspecified, Line]
    @(4150 mils, 5800 mils): Symbol U3 Pin 1 [GPB0, Unspecified, Line]
[pin_to_pin]: Pins of type Unspecified and Unspecified are connected
    ; warning
    @(2550 mils, 4750 mils): Symbol SW15 Pin 4 [4, Unspecified, Line]
    @(4150 mils, 6400 mils): Symbol U3 Pin 7 [GPB6, Unspecified, Line]
[pin_to_pin]: Pins of type Unspecified and Unspecified are connected
    ; warning
    @(2750 mils, 1300 mils): Symbol SW13 Pin 1 [1, Unspecified, Line]
    @(2750 mils, 3200 mils): Symbol SW14 Pin 1 [1, Unspecified, Line]
[pin_to_pin]: Pins of type Unspecified and Unspecified are connected
    ; warning
    @(2750 mils, 3200 mils): Symbol SW14 Pin 1 [1, Unspecified, Line]
    @(2750 mils, 4750 mils): Symbol SW15 Pin 1 [1, Unspecified, Line]
[pin_to_pin]: Pins of type Unspecified and Passive are connected
    ; warning
    @(2750 mils, 4750 mils): Symbol SW15 Pin 1 [1, Unspecified, Line]
    @(2650 mils, 6700 mils): Symbol C5 Pin 2 [Passive, Line]
[pin_to_pin]: Pins of type Unspecified and Passive are connected
    ; warning
    @(4150 mils, 6600 mils): Symbol U3 Pin 9 [VDD, Unspecified, Line]
    @(5400 mils, 7000 mils): Symbol R11 Pin 2 [Passive, Line]
[pin_to_pin]: Pins of type Unspecified and Unspecified are connected
    ; warning
    @(4150 mils, 6700 mils): Symbol U3 Pin 10 [VSS, Unspecified, Line]
    @(5150 mils, 6900 mils): Symbol U3 Pin 17 [A2, Unspecified, Line]
[pin_to_pin]: Pins of type Unspecified and Unspecified are connected
    ; warning
    @(4150 mils, 6900 mils): Symbol U3 Pin 12 [SCL, Unspecified, Line]
    @(7750 mils, 1100 mils): Symbol U4 Pin 14 [SCL, Unspecified, Line]
[pin_to_pin]: Pins of type Unspecified and Unspecified are connected
    ; warning
    @(4150 mils, 7000 mils): Symbol U3 Pin 13 [SDA, Unspecified, Line]
    @(7750 mils, 1000 mils): Symbol U4 Pin 15 [SDA, Unspecified, Line]
[pin_to_pin]: Pins of type Unspecified and Passive are connected
    ; warning
    @(5150 mils, 6800 mils): Symbol U3 Pin 18 [~{RESET}, Unspecified, Line]
    @(5400 mils, 6800 mils): Symbol R11 Pin 1 [Passive, Line]
[pin_to_pin]: Pins of type Unspecified and Passive are connected
    ; warning
    @(5150 mils, 6900 mils): Symbol U3 Pin 17 [A2, Unspecified, Line]
    @(5350 mils, 4600 mils): Symbol SW16 Pin GND [GND, Passive, Line]
[pin_to_pin]: Pins of type Unspecified and Unspecified are connected
    ; warning
    @(5150 mils, 7000 mils): Symbol U3 Pin 16 [A1, Unspecified, Line]
    @(5150 mils, 6900 mils): Symbol U3 Pin 17 [A2, Unspecified, Line]
[pin_to_pin]: Pins of type Unspecified and Unspecified are connected
    ; warning
    @(5150 mils, 7100 mils): Symbol U3 Pin 15 [A0, Unspecified, Line]
    @(5150 mils, 7000 mils): Symbol U3 Pin 16 [A1, Unspecified, Line]
[pin_to_pin]: Pins of type Unspecified and Passive are connected
    ; warning
    @(6350 mils, 900 mils): Symbol U4 Pin 1 [CH0, Unspecified, Line]
    @(5800 mils, 2700 mils): Symbol C7 Pin 2 [Passive, Line]
[pin_to_pin]: Pins of type Unspecified and Passive are connected
    ; warning
    @(6350 mils, 1000 mils): Symbol U4 Pin 2 [CH1, Unspecified, Line]
    @(5800 mils, 3400 mils): Symbol C8 Pin 2 [Passive, Line]
[pin_to_pin]: Pins of type Unspecified and Passive are connected
    ; warning
    @(6350 mils, 1100 mils): Symbol U4 Pin 3 [CH2, Unspecified, Line]
    @(9450 mils, 2700 mils): Symbol R14 Pin 1 [Passive, Line]
[pin_to_pin]: Pins of type Unspecified and Passive are connected
    ; warning
    @(6350 mils, 1200 mils): Symbol U4 Pin 4 [CH3, Unspecified, Line]
    @(9450 mils, 3450 mils): Symbol R15 Pin 1 [Passive, Line]
[pin_to_pin]: Pins of type Unspecified and Passive are connected
    ; warning
    @(6350 mils, 1300 mils): Symbol U4 Pin 5 [CH4, Unspecified, Line]
    @(9100 mils, 5700 mils): Symbol RV1 Pin 2 [WIPER, Passive, Line]
[pin_to_pin]: Pins of type Unspecified and Passive are connected
    ; warning
    @(7750 mils, 900 mils): Symbol U4 Pin 16 [+VDD, Unspecified, Line]
    @(9200 mils, 1000 mils): Symbol C10 Pin 1 [Passive, Line]
[pin_to_pin]: Pins of type Unspecified and Passive are connected
    ; warning
    @(7750 mils, 1000 mils): Symbol U4 Pin 15 [SDA, Unspecified, Line]
    @(6850 mils, 3250 mils): Symbol R30 Pin 2 [Passive, Line]
[pin_to_pin]: Pins of type Unspecified and Passive are connected
    ; warning
    @(7750 mils, 1100 mils): Symbol U4 Pin 14 [SCL, Unspecified, Line]
    @(6850 mils, 4300 mils): Symbol R45 Pin 2 [Passive, Line]
[pin_to_pin]: Pins of type Unspecified and Passive are connected
    ; warning
    @(7750 mils, 1200 mils): Symbol U4 Pin 13 [A1, Unspecified, Line]
    @(8300 mils, 1800 mils): Symbol C9 Pin 2 [Passive, Line]
[pin_to_pin]: Pins of type Unspecified and Unspecified are connected
    ; warning
    @(7750 mils, 1300 mils): Symbol U4 Pin 12 [A0, Unspecified, Line]
    @(7750 mils, 1200 mils): Symbol U4 Pin 13 [A1, Unspecified, Line]
[pin_to_pin]: Pins of type Unspecified and Unspecified are connected
    ; warning
    @(7750 mils, 1400 mils): Symbol U4 Pin 11 [COM, Unspecified, Line]
    @(7750 mils, 1300 mils): Symbol U4 Pin 12 [A0, Unspecified, Line]
[pin_to_pin]: Pins of type Unspecified and Passive are connected
    ; warning
    @(7750 mils, 1500 mils): Symbol U4 Pin 10 [REFIN/REFOUT, Unspecified, Line]
    @(8300 mils, 1600 mils): Symbol C9 Pin 1 [Passive, Line]
[pin_to_pin]: Pins of type Unspecified and Unspecified are connected
    ; warning
    @(7750 mils, 1600 mils): Symbol U4 Pin 9 [GND, Unspecified, Line]
    @(7750 mils, 1400 mils): Symbol U4 Pin 11 [COM, Unspecified, Line]
[pin_to_pin]: Pins of type Unspecified and Passive are connected
    ; warning
    @(9950 mils, 950 mils): Symbol C13 Pin 2 [2, Unspecified, Line]
    @(9200 mils, 1000 mils): Symbol C10 Pin 1 [Passive, Line]
[pin_to_pin]: Pins of type Unspecified and Passive are connected
    ; warning
    @(9950 mils, 1350 mils): Symbol C13 Pin 1 [1, Unspecified, Line]
    @(9200 mils, 1300 mils): Symbol C10 Pin 2 [Passive, Line]

***** Sheet /

 ** ERC messages: 129  Errors 1  Warnings 128

 ** Ignored checks:
    - None
