ERC report (2026-09-16T12:09:28, Encoding UTF8)
Report includes: Errors, Warnings

***** Sheet /mc_hw/
[power_pin_not_driven]: Input Power pin not driven by any Output Power pins
    ; error
    @(7850 mils, 3100 mils): Symbol A1 Pin 39 [VSYS, Power input, Line]
[label_dangling]: Label not connected
    ; error
    @(6450 mils, 3800 mils): Global Label 'VSYS_BAT'
[pin_to_pin]: Pins of type Unspecified and Passive are connected
    ; warning
    @(6850 mils, 8500 mils): Symbol C21 Pin 2 [2, Unspecified, Line]
    @(7050 mils, 8600 mils): Symbol C20 Pin 1 [Passive, Line]
[pin_to_pin]: Pins of type Unspecified and Passive are connected
    ; warning
    @(6850 mils, 8900 mils): Symbol C21 Pin 1 [1, Unspecified, Line]
    @(7050 mils, 8900 mils): Symbol C20 Pin 2 [Passive, Line]
[pin_to_pin]: Pins of type Unspecified and Passive are connected
    ; warning
    @(7500 mils, 2150 mils): Symbol C26 Pin 1 [1, Unspecified, Line]
    @(7550 mils, 2500 mils): Symbol C27 Pin 1 [Passive, Line]
[isolated_pin_label]: Label connected to only one pin
    ; warning
    @(7850 mils, 3000 mils): Global Label 'VSYS_BAT'
[pin_to_pin]: Pins of type Unspecified and Passive are connected
    ; warning
    @(7900 mils, 2150 mils): Symbol C26 Pin 2 [2, Unspecified, Line]
    @(7850 mils, 2500 mils): Symbol C27 Pin 2 [Passive, Line]
[pin_to_pin]: Pins of type Unspecified and Passive are connected
    ; warning
    @(8500 mils, 2150 mils): Symbol C25 Pin 1 [1, Unspecified, Line]
    @(8550 mils, 2500 mils): Symbol C24 Pin 1 [Passive, Line]
[pin_to_pin]: Pins of type Unspecified and Passive are connected
    ; warning
    @(8900 mils, 2150 mils): Symbol C25 Pin 2 [2, Unspecified, Line]
    @(8850 mils, 2500 mils): Symbol C24 Pin 2 [Passive, Line]
[isolated_pin_label]: Label connected to only one pin
    ; warning
    @(9050 mils, 5300 mils): Global Label 'GPIO28 / VOLUME POT'
[isolated_pin_label]: Label connected to only one pin
    ; warning
    @(9100 mils, 5500 mils): Global Label 'AGND'
[unconnected_wire_endpoint]: Unconnected wire endpoint
    ; warning
    @(3650 mils, 4850 mils): Vertical Wire, length 50 mils

***** Sheet /Audio/
[pin_to_pin]: Pins of type Unspecified and Passive are connected
    ; warning
    @(1350 mils, 1800 mils): Symbol C52 Pin 2 [2, Unspecified, Line]
    @(1350 mils, 1600 mils): Symbol C51 Pin 1 [Passive, Line]
[pin_to_pin]: Pins of type Unspecified and Unspecified are connected
    ; warning
    @(1350 mils, 2200 mils): Symbol C52 Pin 1 [1, Unspecified, Line]
    @(1350 mils, 1800 mils): Symbol C52 Pin 2 [2, Unspecified, Line]
[pin_to_pin]: Pins of type Unspecified and Passive are connected
    ; warning
    @(1350 mils, 3250 mils): Symbol C54 Pin 2 [2, Unspecified, Line]
    @(1350 mils, 3050 mils): Symbol C53 Pin 1 [Passive, Line]
[pin_to_pin]: Pins of type Unspecified and Unspecified are connected
    ; warning
    @(1350 mils, 3650 mils): Symbol C54 Pin 1 [1, Unspecified, Line]
    @(1350 mils, 3250 mils): Symbol C54 Pin 2 [2, Unspecified, Line]
[pin_to_pin]: Pins of type Unspecified and Unspecified are connected
    ; warning
    @(3600 mils, 1450 mils): Symbol U20 Pin 1 [CPVDD, Unspecified, Line]
    @(3600 mils, 2150 mils): Symbol U20 Pin 8 [AVDD, Unspecified, Line]
[pin_to_pin]: Pins of type Unspecified and Passive are connected
    ; warning
    @(3600 mils, 1550 mils): Symbol U20 Pin 2 [CAPP, Unspecified, Line]
    @(3200 mils, 1550 mils): Symbol C3 Pin 1 [Passive, Line]
[pin_to_pin]: Pins of type Unspecified and Unspecified are connected
    ; warning
    @(3600 mils, 1650 mils): Symbol U20 Pin 3 [CPGND, Unspecified, Line]
    @(3600 mils, 2250 mils): Symbol U20 Pin 9 [AGND, Unspecified, Line]
[pin_to_pin]: Pins of type Unspecified and Passive are connected
    ; warning
    @(3600 mils, 1750 mils): Symbol U20 Pin 4 [CAPM, Unspecified, Line]
    @(3200 mils, 1750 mils): Symbol C3 Pin 2 [Passive, Line]
[pin_to_pin]: Pins of type Unspecified and Passive are connected
    ; warning
    @(3600 mils, 1850 mils): Symbol U20 Pin 5 [VNEG, Unspecified, Line]
    @(2250 mils, 1350 mils): Symbol C6 Pin 1 [Passive, Line]
[pin_to_pin]: Pins of type Unspecified and Passive are connected
    ; warning
    @(3600 mils, 1950 mils): Symbol U20 Pin 6 [OUTL, Unspecified, Line]
    @(2700 mils, 1800 mils): Symbol R33 Pin 1 [Passive, Line]
[pin_to_pin]: Pins of type Unspecified and Passive are connected
    ; warning
    @(3600 mils, 2050 mils): Symbol U20 Pin 7 [OUTR, Unspecified, Line]
    @(2700 mils, 2200 mils): Symbol R34 Pin 1 [Passive, Line]
[pin_to_pin]: Pins of type Unspecified and Unspecified are connected
    ; warning
    @(3600 mils, 2150 mils): Symbol U20 Pin 8 [AVDD, Unspecified, Line]
    @(4600 mils, 1450 mils): Symbol U20 Pin 20 [DVDD, Unspecified, Line]
[pin_to_pin]: Pins of type Unspecified and Unspecified are connected
    ; warning
    @(3600 mils, 2250 mils): Symbol U20 Pin 9 [AGND, Unspecified, Line]
    @(3600 mils, 2350 mils): Symbol U20 Pin 10 [DEMP, Unspecified, Line]
[pin_to_pin]: Pins of type Unspecified and Unspecified are connected
    ; warning
    @(3600 mils, 2350 mils): Symbol U20 Pin 10 [DEMP, Unspecified, Line]
    @(4600 mils, 2350 mils): Symbol U20 Pin 11 [FLT, Unspecified, Line]
[pin_to_pin]: Pins of type Unspecified and Passive are connected
    ; warning
    @(3700 mils, 4150 mils): Symbol C66 Pin 2 [2, Unspecified, Line]
    @(4100 mils, 4050 mils): Symbol R41 Pin 2 [Passive, Line]
[pin_to_pin]: Pins of type Unspecified and Unspecified are connected
    ; warning
    @(3700 mils, 4550 mils): Symbol C66 Pin 1 [1, Unspecified, Line]
    @(4250 mils, 4550 mils): Symbol C69 Pin 2 [2, Unspecified, Line]
[pin_to_pin]: Pins of type Unspecified and Passive are connected
    ; warning
    @(4250 mils, 4150 mils): Symbol C69 Pin 1 [1, Unspecified, Line]
    @(4100 mils, 4050 mils): Symbol R41 Pin 2 [Passive, Line]
[pin_to_pin]: Pins of type Unspecified and Passive are connected
    ; warning
    @(4250 mils, 4550 mils): Symbol C69 Pin 2 [2, Unspecified, Line]
    @(3650 mils, 5150 mils): Symbol R40 Pin 2 [Passive, Line]
[pin_to_pin]: Pins of type Unspecified and Passive are connected
    ; warning
    @(4250 mils, 6700 mils): Symbol U21 Pin 1 [~{SD}, Unspecified, Line]
    @(4250 mils, 6550 mils): Symbol C61 Pin 2 [Passive, Line]
[pin_to_pin]: Pins of type Unspecified and Passive are connected
    ; warning
    @(4250 mils, 6900 mils): Symbol U21 Pin 3 [IN+, Unspecified, Line]
    @(3900 mils, 6900 mils): Symbol C59 Pin 2 [Passive, Line]
[pin_to_pin]: Pins of type Unspecified and Passive are connected
    ; warning
    @(4250 mils, 7000 mils): Symbol U21 Pin 4 [IN-, Unspecified, Line]
    @(3900 mils, 7200 mils): Symbol C60 Pin 1 [Passive, Line]
[pin_to_pin]: Pins of type Unspecified and Passive are connected
    ; warning
    @(4600 mils, 1450 mils): Symbol U20 Pin 20 [DVDD, Unspecified, Line]
    @(5750 mils, 1750 mils): Symbol R38 Pin 1 [Passive, Line]
[pin_to_pin]: Pins of type Unspecified and Passive are connected
    ; warning
    @(4600 mils, 1550 mils): Symbol U20 Pin 19 [DGND, Unspecified, Line]
    @(4950 mils, 1650 mils): Symbol C58 Pin 1 [Passive, Line]
[pin_to_pin]: Pins of type Unspecified and Passive are connected
    ; warning
    @(4600 mils, 1650 mils): Symbol U20 Pin 18 [LDOO, Unspecified, Line]
    @(4650 mils, 1650 mils): Symbol C58 Pin 2 [Passive, Line]
[pin_to_pin]: Pins of type Unspecified and Passive are connected
    ; warning
    @(4600 mils, 1750 mils): Symbol U20 Pin 17 [XSMT, Unspecified, Line]
    @(5450 mils, 1750 mils): Symbol R38 Pin 2 [Passive, Line]
[pin_to_pin]: Pins of type Unspecified and Unspecified are connected
    ; warning
    @(4600 mils, 1850 mils): Symbol U20 Pin 16 [FMT, Unspecified, Line]
    @(4600 mils, 1550 mils): Symbol U20 Pin 19 [DGND, Unspecified, Line]
[pin_to_pin]: Pins of type Unspecified and Bidirectional are connected
    ; warning
    @(4600 mils, 1950 mils): Symbol U20 Pin 15 [LRCK, Unspecified, Line]
    @(7150 mils, 5100 mils): Symbol A1 Pin 15 [GPIO11, Bidirectional, Line]
[pin_to_pin]: Pins of type Unspecified and Bidirectional are connected
    ; warning
    @(4600 mils, 2050 mils): Symbol U20 Pin 14 [DIN, Unspecified, Line]
    @(8950 mils, 4500 mils): Symbol A1 Pin 26 [GPIO20, Bidirectional, Line]
[pin_to_pin]: Pins of type Unspecified and Bidirectional are connected
    ; warning
    @(4600 mils, 2150 mils): Symbol U20 Pin 13 [BCK, Unspecified, Line]
    @(7150 mils, 5000 mils): Symbol A1 Pin 14 [GPIO10, Bidirectional, Line]
[pin_to_pin]: Pins of type Unspecified and Unspecified are connected
    ; warning
    @(4600 mils, 2250 mils): Symbol U20 Pin 12 [SCK, Unspecified, Line]
    @(4600 mils, 1850 mils): Symbol U20 Pin 16 [FMT, Unspecified, Line]
[pin_to_pin]: Pins of type Unspecified and Unspecified are connected
    ; warning
    @(4600 mils, 2350 mils): Symbol U20 Pin 11 [FLT, Unspecified, Line]
    @(4600 mils, 2250 mils): Symbol U20 Pin 12 [SCK, Unspecified, Line]
[pin_to_pin]: Pins of type Unspecified and Passive are connected
    ; warning
    @(5050 mils, 6700 mils): Symbol U21 Pin 8 [VO-, Unspecified, Line]
    @(6250 mils, 6650 mils): Symbol LS7 Pin 1 [+, Passive, Line]
[pin_to_pin]: Pins of type Unspecified and Passive are connected
    ; warning
    @(5050 mils, 6800 mils): Symbol U21 Pin 7 [GND, Unspecified, Line]
    @(5700 mils, 7150 mils): Symbol C64 Pin 2 [Passive, Line]
[pin_to_pin]: Pins of type Unspecified and Passive are connected
    ; warning
    @(5050 mils, 6900 mils): Symbol U21 Pin 6 [VDD, Unspecified, Line]
    @(5700 mils, 6950 mils): Symbol C64 Pin 1 [Passive, Line]
[pin_to_pin]: Pins of type Unspecified and Passive are connected
    ; warning
    @(5050 mils, 7000 mils): Symbol U21 Pin 5 [VO+, Unspecified, Line]
    @(6350 mils, 6650 mils): Symbol LS7 Pin 2 [-, Passive, Line]
[pin_to_pin]: Pins of type Unspecified and Passive are connected
    ; warning
    @(5300 mils, 3650 mils): Symbol U22 Pin 1 [+OUT_L, Unspecified, Line]
    @(4850 mils, 3500 mils): Symbol LS8 Pin 1 [+_(red), Passive, Line]
[pin_to_pin]: Pins of type Unspecified and Passive are connected
    ; warning
    @(5300 mils, 3750 mils): Symbol U22 Pin 2 [PGNDL, Unspecified, Line]
    @(4150 mils, 3450 mils): Symbol C68 Pin 1 [Passive, Line]
[pin_to_pin]: Pins of type Unspecified and Passive are connected
    ; warning
    @(5300 mils, 3850 mils): Symbol U22 Pin 3 [-OUT_L, Unspecified, Line]
    @(4750 mils, 3500 mils): Symbol LS8 Pin 2 [-_(black), Passive, Line]
[pin_to_pin]: Pins of type Unspecified and Unspecified are connected
    ; warning
    @(5300 mils, 3950 mils): Symbol U22 Pin 4 [PVDDL, Unspecified, Line]
    @(5300 mils, 4150 mils): Symbol U22 Pin 6 [VDD, Unspecified, Line]
[pin_to_pin]: Pins of type Unspecified and Passive are connected
    ; warning
    @(5300 mils, 4050 mils): Symbol U22 Pin 5 [~{MUTE}, Unspecified, Line]
    @(4400 mils, 4050 mils): Symbol R41 Pin 1 [Passive, Line]
[pin_to_pin]: Pins of type Unspecified and Passive are connected
    ; warning
    @(5300 mils, 4150 mils): Symbol U22 Pin 6 [VDD, Unspecified, Line]
    @(4100 mils, 4050 mils): Symbol R41 Pin 2 [Passive, Line]
[pin_to_pin]: Pins of type Unspecified and Passive are connected
    ; warning
    @(5300 mils, 4250 mils): Symbol U22 Pin 7 [INL, Unspecified, Line]
    @(4000 mils, 4850 mils): Symbol C67 Pin 1 [Passive, Line]
[pin_to_pin]: Pins of type Unspecified and Passive are connected
    ; warning
    @(5300 mils, 4350 mils): Symbol U22 Pin 8 [VREF, Unspecified, Line]
    @(5150 mils, 5050 mils): Symbol C71 Pin 1 [Passive, Line]
[pin_to_pin]: Pins of type Unspecified and Passive are connected
    ; warning
    @(6500 mils, 3650 mils): Symbol U22 Pin 16 [+OUT_R, Unspecified, Line]
    @(6850 mils, 3650 mils): Symbol LS9 Pin 1 [+_(red), Passive, Line]
[pin_to_pin]: Pins of type Unspecified and Passive are connected
    ; warning
    @(6500 mils, 3750 mils): Symbol U22 Pin 15 [PGNDR, Unspecified, Line]
    @(7600 mils, 3500 mils): Symbol C73 Pin 1 [Passive, Line]
[pin_to_pin]: Pins of type Unspecified and Passive are connected
    ; warning
    @(6500 mils, 3850 mils): Symbol U22 Pin 14 [-OUT_R, Unspecified, Line]
    @(6850 mils, 3750 mils): Symbol LS9 Pin 2 [-_(black), Passive, Line]
[pin_to_pin]: Pins of type Unspecified and Passive are connected
    ; warning
    @(6500 mils, 3950 mils): Symbol U22 Pin 13 [PVDDR, Unspecified, Line]
    @(7000 mils, 4050 mils): Symbol R42 Pin 1 [Passive, Line]
[pin_to_pin]: Pins of type Unspecified and Passive are connected
    ; warning
    @(6500 mils, 4050 mils): Symbol U22 Pin 12 [~{SHDN}, Unspecified, Line]
    @(6700 mils, 4050 mils): Symbol R42 Pin 2 [Passive, Line]
[pin_to_pin]: Pins of type Unspecified and Unspecified are connected
    ; warning
    @(6500 mils, 4150 mils): Symbol U22 Pin 11 [GND, Unspecified, Line]
    @(6500 mils, 3750 mils): Symbol U22 Pin 15 [PGNDR, Unspecified, Line]
[pin_to_pin]: Pins of type Unspecified and Passive are connected
    ; warning
    @(6500 mils, 4250 mils): Symbol U22 Pin 10 [INR, Unspecified, Line]
    @(7200 mils, 4250 mils): Symbol C72 Pin 1 [Passive, Line]
[pin_to_pin]: Pins of type Unspecified and Unspecified are connected
    ; warning
    @(6500 mils, 4350 mils): Symbol U22 Pin 9 [MODE, Unspecified, Line]
    @(6500 mils, 3950 mils): Symbol U22 Pin 13 [PVDDR, Unspecified, Line]
[pin_to_pin]: Pins of type Unspecified and Passive are connected
    ; warning
    @(6650 mils, 2050 mils): Symbol C63 Pin 2 [2, Unspecified, Line]
    @(6650 mils, 1850 mils): Symbol C62 Pin 1 [Passive, Line]
[pin_to_pin]: Pins of type Unspecified and Unspecified are connected
    ; warning
    @(6650 mils, 2450 mils): Symbol C63 Pin 1 [1, Unspecified, Line]
    @(6650 mils, 2050 mils): Symbol C63 Pin 2 [2, Unspecified, Line]

***** Sheet /USBC/Battery/
[pin_to_pin]: Pins of type Power output and Power output are connected
    ; error
    @(7250 mils, 2700 mils): Symbol U6 Hidden pin 10 [V_{BAT}, Power output, Line]
    @(8050 mils, 3100 mils): Symbol A1 Pin 40 [VBUS, Power output, Line]
[pin_to_pin]: Pins of type Power output and Power output are connected
    ; error
    @(7250 mils, 2700 mils): Symbol U6 Pin 9 [V_{BAT}, Power output, Line]
    @(8050 mils, 3100 mils): Symbol A1 Pin 40 [VBUS, Power output, Line]
[multiple_net_names]: Both VBUS and VDD are attached to the same items; VBUS will be used in the netlist
    ; warning
    @(6250 mils, 2900 mils): Global Label 'VBUS'
    @(6450 mils, 2700 mils): Symbol U6 Hidden pin 1 [VDD, Power input, Line]
[pin_to_pin]: Pins of type Unspecified and Unspecified are connected
    ; warning
    @(9350 mils, 2950 mils): Symbol U23 Pin 1 [1, Unspecified, Line]
    @(9350 mils, 3450 mils): Symbol U24 Pin 1 [1, Unspecified, Line]
[pin_to_pin]: Pins of type Unspecified and Passive are connected
    ; warning
    @(9350 mils, 3450 mils): Symbol U24 Pin 1 [1, Unspecified, Line]
    @(7650 mils, 2750 mils): Symbol C16 Pin 2 [Passive, Line]
[pin_to_pin]: Pins of type Unspecified and Unspecified are connected
    ; warning
    @(9450 mils, 2950 mils): Symbol U23 Pin 2 [2, Unspecified, Line]
    @(9450 mils, 3450 mils): Symbol U24 Pin 2 [2, Unspecified, Line]
[pin_to_pin]: Pins of type Unspecified and Passive are connected
    ; warning
    @(9450 mils, 3450 mils): Symbol U24 Pin 2 [2, Unspecified, Line]
    @(8650 mils, 2900 mils): Symbol R20 Pin 2 [Passive, Line]

***** Sheet /Joysticks/Buttons/
[pin_to_pin]: Pins of type Unspecified and Unspecified are connected
    ; warning
    @(900 mils, 1300 mils): Symbol SW33 Pin 4 [4, Unspecified, Line]
    @(5150 mils, 6500 mils): Symbol U16 Pin 21 [GPA0, Unspecified, Line]
[pin_to_pin]: Pins of type Unspecified and Unspecified are connected
    ; warning
    @(900 mils, 3200 mils): Symbol SW40 Pin 4 [4, Unspecified, Line]
    @(5150 mils, 6100 mils): Symbol U16 Pin 25 [GPA4, Unspecified, Line]
[pin_to_pin]: Pins of type Unspecified and Unspecified are connected
    ; warning
    @(900 mils, 4750 mils): Symbol SW39 Pin 4 [4, Unspecified, Line]
    @(4150 mils, 6100 mils): Symbol U16 Pin 4 [GPB3, Unspecified, Line]
[pin_to_pin]: Pins of type Unspecified and Unspecified are connected
    ; warning
    @(900 mils, 6300 mils): Symbol SW34 Pin 4 [4, Unspecified, Line]
    @(4150 mils, 5900 mils): Symbol U16 Pin 2 [GPB1, Unspecified, Line]
[pin_to_pin]: Pins of type Unspecified and Unspecified are connected
    ; warning
    @(1100 mils, 1300 mils): Symbol SW33 Pin 1 [1, Unspecified, Line]
    @(1650 mils, 1300 mils): Symbol SW35 Pin 1 [1, Unspecified, Line]
[pin_to_pin]: Pins of type Unspecified and Unspecified are connected
    ; warning
    @(1100 mils, 3200 mils): Symbol SW40 Pin 1 [1, Unspecified, Line]
    @(1650 mils, 3200 mils): Symbol SW42 Pin 1 [1, Unspecified, Line]
[pin_to_pin]: Pins of type Unspecified and Unspecified are connected
    ; warning
    @(1100 mils, 4750 mils): Symbol SW39 Pin 1 [1, Unspecified, Line]
    @(1650 mils, 4750 mils): Symbol SW41 Pin 1 [1, Unspecified, Line]
[pin_to_pin]: Pins of type Unspecified and Unspecified are connected
    ; warning
    @(1100 mils, 6300 mils): Symbol SW34 Pin 1 [1, Unspecified, Line]
    @(1650 mils, 6300 mils): Symbol SW36 Pin 1 [1, Unspecified, Line]
[pin_to_pin]: Pins of type Unspecified and Unspecified are connected
    ; warning
    @(1450 mils, 1300 mils): Symbol SW35 Pin 4 [4, Unspecified, Line]
    @(5150 mils, 6400 mils): Symbol U16 Pin 22 [GPA1, Unspecified, Line]
[pin_to_pin]: Pins of type Unspecified and Unspecified are connected
    ; warning
    @(1450 mils, 3200 mils): Symbol SW42 Pin 4 [4, Unspecified, Line]
    @(5150 mils, 6000 mils): Symbol U16 Pin 26 [GPA5, Unspecified, Line]
[pin_to_pin]: Pins of type Unspecified and Unspecified are connected
    ; warning
    @(1450 mils, 4750 mils): Symbol SW41 Pin 4 [4, Unspecified, Line]
    @(4150 mils, 6200 mils): Symbol U16 Pin 5 [GPB4, Unspecified, Line]
[pin_to_pin]: Pins of type Unspecified and Unspecified are connected
    ; warning
    @(1450 mils, 6300 mils): Symbol SW36 Pin 4 [4, Unspecified, Line]
    @(4150 mils, 6000 mils): Symbol U16 Pin 3 [GPB2, Unspecified, Line]
[pin_to_pin]: Pins of type Unspecified and Unspecified are connected
    ; warning
    @(1650 mils, 1300 mils): Symbol SW35 Pin 1 [1, Unspecified, Line]
    @(2200 mils, 1300 mils): Symbol SW37 Pin 1 [1, Unspecified, Line]
[pin_to_pin]: Pins of type Unspecified and Unspecified are connected
    ; warning
    @(1650 mils, 3200 mils): Symbol SW42 Pin 1 [1, Unspecified, Line]
    @(2200 mils, 3200 mils): Symbol SW44 Pin 1 [1, Unspecified, Line]
[pin_to_pin]: Pins of type Unspecified and Unspecified are connected
    ; warning
    @(1650 mils, 4750 mils): Symbol SW41 Pin 1 [1, Unspecified, Line]
    @(2200 mils, 4750 mils): Symbol SW43 Pin 1 [1, Unspecified, Line]
[pin_to_pin]: Pins of type Unspecified and Passive are connected
    ; warning
    @(1650 mils, 6300 mils): Symbol SW36 Pin 1 [1, Unspecified, Line]
    @(2650 mils, 6700 mils): Symbol C29 Pin 2 [Passive, Line]
[pin_to_pin]: Pins of type Unspecified and Unspecified are connected
    ; warning
    @(2000 mils, 1300 mils): Symbol SW37 Pin 4 [4, Unspecified, Line]
    @(5150 mils, 6300 mils): Symbol U16 Pin 23 [GPA2, Unspecified, Line]
[pin_to_pin]: Pins of type Unspecified and Unspecified are connected
    ; warning
    @(2000 mils, 3200 mils): Symbol SW44 Pin 4 [4, Unspecified, Line]
    @(5150 mils, 5900 mils): Symbol U16 Pin 27 [GPA6, Unspecified, Line]
[pin_to_pin]: Pins of type Unspecified and Unspecified are connected
    ; warning
    @(2000 mils, 4750 mils): Symbol SW43 Pin 4 [4, Unspecified, Line]
    @(4150 mils, 6300 mils): Symbol U16 Pin 6 [GPB5, Unspecified, Line]
[pin_to_pin]: Pins of type Unspecified and Unspecified are connected
    ; warning
    @(2200 mils, 1300 mils): Symbol SW37 Pin 1 [1, Unspecified, Line]
    @(2750 mils, 1300 mils): Symbol SW38 Pin 1 [1, Unspecified, Line]
[pin_to_pin]: Pins of type Unspecified and Unspecified are connected
    ; warning
    @(2200 mils, 3200 mils): Symbol SW44 Pin 1 [1, Unspecified, Line]
    @(2750 mils, 3200 mils): Symbol SW46 Pin 1 [1, Unspecified, Line]
[pin_to_pin]: Pins of type Unspecified and Unspecified are connected
    ; warning
    @(2200 mils, 4750 mils): Symbol SW43 Pin 1 [1, Unspecified, Line]
    @(2750 mils, 4750 mils): Symbol SW45 Pin 1 [1, Unspecified, Line]
[pin_to_pin]: Pins of type Unspecified and Passive are connected
    ; warning
    @(2450 mils, 6300 mils): Symbol C28 Pin 2 [2, Unspecified, Line]
    @(2650 mils, 6400 mils): Symbol C29 Pin 1 [Passive, Line]
[pin_to_pin]: Pins of type Unspecified and Passive are connected
    ; warning
    @(2450 mils, 6700 mils): Symbol C28 Pin 1 [1, Unspecified, Line]
    @(2650 mils, 6700 mils): Symbol C29 Pin 2 [Passive, Line]
[pin_to_pin]: Pins of type Unspecified and Unspecified are connected
    ; warning
    @(2550 mils, 1300 mils): Symbol SW38 Pin 4 [4, Unspecified, Line]
    @(5150 mils, 6200 mils): Symbol U16 Pin 24 [GPA3, Unspecified, Line]
[pin_to_pin]: Pins of type Unspecified and Unspecified are connected
    ; warning
    @(2550 mils, 3200 mils): Symbol SW46 Pin 4 [4, Unspecified, Line]
    @(4150 mils, 5800 mils): Symbol U16 Pin 1 [GPB0, Unspecified, Line]
[pin_to_pin]: Pins of type Unspecified and Unspecified are connected
    ; warning
    @(2550 mils, 4750 mils): Symbol SW45 Pin 4 [4, Unspecified, Line]
    @(4150 mils, 6400 mils): Symbol U16 Pin 7 [GPB6, Unspecified, Line]
[pin_to_pin]: Pins of type Unspecified and Unspecified are connected
    ; warning
    @(2750 mils, 1300 mils): Symbol SW38 Pin 1 [1, Unspecified, Line]
    @(2750 mils, 3200 mils): Symbol SW46 Pin 1 [1, Unspecified, Line]
[pin_to_pin]: Pins of type Unspecified and Passive are connected
    ; warning
    @(2750 mils, 3200 mils): Symbol SW46 Pin 1 [1, Unspecified, Line]
    @(5350 mils, 4600 mils): Symbol SW17 Pin GND [GND, Passive, Line]
[pin_to_pin]: Pins of type Unspecified and Unspecified are connected
    ; warning
    @(2750 mils, 4750 mils): Symbol SW45 Pin 1 [1, Unspecified, Line]
    @(2750 mils, 3200 mils): Symbol SW46 Pin 1 [1, Unspecified, Line]
[pin_to_pin]: Pins of type Unspecified and Passive are connected
    ; warning
    @(4150 mils, 6600 mils): Symbol U16 Pin 9 [VDD, Unspecified, Line]
    @(5400 mils, 7000 mils): Symbol R21 Pin 2 [Passive, Line]
[pin_to_pin]: Pins of type Unspecified and Unspecified are connected
    ; warning
    @(4150 mils, 6700 mils): Symbol U16 Pin 10 [VSS, Unspecified, Line]
    @(5150 mils, 6900 mils): Symbol U16 Pin 17 [A2, Unspecified, Line]
[pin_to_pin]: Pins of type Unspecified and Passive are connected
    ; warning
    @(4150 mils, 6900 mils): Symbol U16 Pin 12 [SCL, Unspecified, Line]
    @(6850 mils, 4300 mils): Symbol R2 Pin 2 [Passive, Line]
[pin_to_pin]: Pins of type Unspecified and Passive are connected
    ; warning
    @(4150 mils, 7000 mils): Symbol U16 Pin 13 [SDA, Unspecified, Line]
    @(6850 mils, 3250 mils): Symbol R1 Pin 2 [Passive, Line]
[pin_to_pin]: Pins of type Unspecified and Passive are connected
    ; warning
    @(5150 mils, 6800 mils): Symbol U16 Pin 18 [~{RESET}, Unspecified, Line]
    @(5400 mils, 6800 mils): Symbol R21 Pin 1 [Passive, Line]
[pin_to_pin]: Pins of type Unspecified and Passive are connected
    ; warning
    @(5150 mils, 6900 mils): Symbol U16 Pin 17 [A2, Unspecified, Line]
    @(5350 mils, 4600 mils): Symbol SW17 Pin GND [GND, Passive, Line]
[pin_to_pin]: Pins of type Unspecified and Unspecified are connected
    ; warning
    @(5150 mils, 7000 mils): Symbol U16 Pin 16 [A1, Unspecified, Line]
    @(5150 mils, 6900 mils): Symbol U16 Pin 17 [A2, Unspecified, Line]
[pin_to_pin]: Pins of type Unspecified and Unspecified are connected
    ; warning
    @(5150 mils, 7100 mils): Symbol U16 Pin 15 [A0, Unspecified, Line]
    @(5150 mils, 7000 mils): Symbol U16 Pin 16 [A1, Unspecified, Line]
[pin_to_pin]: Pins of type Unspecified and Passive are connected
    ; warning
    @(6350 mils, 900 mils): Symbol U15 Pin 1 [CH0, Unspecified, Line]
    @(5800 mils, 2700 mils): Symbol C74 Pin 2 [Passive, Line]
[pin_to_pin]: Pins of type Unspecified and Passive are connected
    ; warning
    @(6350 mils, 1000 mils): Symbol U15 Pin 2 [CH1, Unspecified, Line]
    @(5800 mils, 3400 mils): Symbol C75 Pin 2 [Passive, Line]
[pin_to_pin]: Pins of type Unspecified and Passive are connected
    ; warning
    @(6350 mils, 1100 mils): Symbol U15 Pin 3 [CH2, Unspecified, Line]
    @(9450 mils, 2700 mils): Symbol R47 Pin 1 [Passive, Line]
[pin_to_pin]: Pins of type Unspecified and Passive are connected
    ; warning
    @(6350 mils, 1200 mils): Symbol U15 Pin 4 [CH3, Unspecified, Line]
    @(9450 mils, 3450 mils): Symbol R48 Pin 1 [Passive, Line]
[pin_to_pin]: Pins of type Unspecified and Passive are connected
    ; warning
    @(6350 mils, 1300 mils): Symbol U15 Pin 5 [CH4, Unspecified, Line]
    @(9100 mils, 5700 mils): Symbol RV4 Pin 2 [WIPER, Passive, Line]
[pin_to_pin]: Pins of type Unspecified and Passive are connected
    ; warning
    @(7750 mils, 900 mils): Symbol U15 Pin 16 [+VDD, Unspecified, Line]
    @(9200 mils, 1000 mils): Symbol C77 Pin 1 [Passive, Line]
[pin_to_pin]: Pins of type Unspecified and Unspecified are connected
    ; warning
    @(7750 mils, 1000 mils): Symbol U15 Pin 15 [SDA, Unspecified, Line]
    @(4150 mils, 7000 mils): Symbol U16 Pin 13 [SDA, Unspecified, Line]
[pin_to_pin]: Pins of type Unspecified and Unspecified are connected
    ; warning
    @(7750 mils, 1100 mils): Symbol U15 Pin 14 [SCL, Unspecified, Line]
    @(4150 mils, 6900 mils): Symbol U16 Pin 12 [SCL, Unspecified, Line]
[pin_to_pin]: Pins of type Unspecified and Passive are connected
    ; warning
    @(7750 mils, 1200 mils): Symbol U15 Pin 13 [A1, Unspecified, Line]
    @(8300 mils, 1800 mils): Symbol C76 Pin 2 [Passive, Line]
[pin_to_pin]: Pins of type Unspecified and Unspecified are connected
    ; warning
    @(7750 mils, 1300 mils): Symbol U15 Pin 12 [A0, Unspecified, Line]
    @(7750 mils, 1200 mils): Symbol U15 Pin 13 [A1, Unspecified, Line]
[pin_to_pin]: Pins of type Unspecified and Unspecified are connected
    ; warning
    @(7750 mils, 1400 mils): Symbol U15 Pin 11 [COM, Unspecified, Line]
    @(7750 mils, 1300 mils): Symbol U15 Pin 12 [A0, Unspecified, Line]
[pin_to_pin]: Pins of type Unspecified and Passive are connected
    ; warning
    @(7750 mils, 1500 mils): Symbol U15 Pin 10 [REFIN/REFOUT, Unspecified, Line]
    @(8300 mils, 1600 mils): Symbol C76 Pin 1 [Passive, Line]
[pin_to_pin]: Pins of type Unspecified and Unspecified are connected
    ; warning
    @(7750 mils, 1600 mils): Symbol U15 Pin 9 [GND, Unspecified, Line]
    @(7750 mils, 1400 mils): Symbol U15 Pin 11 [COM, Unspecified, Line]
[pin_to_pin]: Pins of type Unspecified and Passive are connected
    ; warning
    @(9950 mils, 950 mils): Symbol C80 Pin 2 [2, Unspecified, Line]
    @(9200 mils, 1000 mils): Symbol C77 Pin 1 [Passive, Line]
[pin_to_pin]: Pins of type Unspecified and Passive are connected
    ; warning
    @(9950 mils, 1350 mils): Symbol C80 Pin 1 [1, Unspecified, Line]
    @(9200 mils, 1300 mils): Symbol C77 Pin 2 [Passive, Line]

 ** ERC messages: 125  Errors 4  Warnings 121

 ** Ignored checks:
    - Global label only appears once in the schematic
    - Four connection points are joined together
    - SPICE model issue
    - Assigned footprint doesn't match footprint filters
